de\benji\naturoforumsmp\Main\Main.class
de\benji\naturoforumsmp\API\InvAPI\InventoryManager.class
de\benji\naturoforumsmp\API\ConfigAPI\ConfigKey.class
de\benji\naturoforumsmp\API\DatsBaseAPI\DatabaseAPI.class
de\benji\naturoforumsmp\Main\SMP\Commands\PingCommand.class
de\benji\naturoforumsmp\Status\Main\StatusManager.class
de\benji\naturoforumsmp\API\GlobalManager.class
de\benji\naturoforumsmp\API\PluginAPI\SubpluginInfo$SubpluginEnable.class
de\benji\naturoforumsmp\Status\Main\StatusMain.class
de\benji\naturoforumsmp\API\InvAPI\InventoryManager$ItemCallbackInfo.class
de\benji\naturoforumsmp\API\MathExpression\Parser.class
de\benji\naturoforumsmp\API\ListenerAPI\ListenerManager$EventCallback.class
de\benji\naturoforumsmp\API\MathExpression\ParserManager.class
de\benji\naturoforumsmp\API\MathExpression\Util\Factorial.class
de\benji\naturoforumsmp\API\PluginAPI\SubpluginInfo$SubpluginDisable.class
de\benji\naturoforumsmp\API\DatsBaseAPI\MySQL.class
de\benji\naturoforumsmp\API\MathExpression\Function\FunctionX.class
de\benji\naturoforumsmp\Main\SMP\Commands\PermissionCommand.class
de\benji\naturoforumsmp\API\MathExpression\Function\FunctionXs.class
de\benji\naturoforumsmp\API\Strings\Invs\ItemTitles.class
de\benji\naturoforumsmp\Listener\Quit.class
de\benji\naturoforumsmp\Main\SMP\Commands\PluginCommand.class
de\benji\naturoforumsmp\Status\Main\StatusCache.class
de\benji\naturoforumsmp\API\PermissionAPI\Permission.class
de\benji\naturoforumsmp\API\PluginAPI\SubpluginInfo.class
de\benji\naturoforumsmp\API\PluginAPI\Subplugin.class
de\benji\naturoforumsmp\Main\SMP\TPS\TpsTicker$1.class
de\benji\naturoforumsmp\Status\Listener\StatusInvClick.class
de\benji\naturoforumsmp\API\MathExpression\Function\Complex.class
de\benji\naturoforumsmp\Main\SMP\Commands\CalculatorCommand.class
de\benji\naturoforumsmp\Main\SMP\TPS\TpsTicker.class
de\benji\naturoforumsmp\API\InvAPI\InvEnums.class
de\benji\naturoforumsmp\Listener\InvClick.class
de\benji\naturoforumsmp\Status\Util\StatusInvs.class
de\benji\naturoforumsmp\API\Strings\UUIDs.class
de\benji\naturoforumsmp\API\MathExpression\Function\Constants.class
de\benji\naturoforumsmp\API\Strings\Invs\InvTitles.class
de\benji\naturoforumsmp\API\InvAPI\InvAPI.class
de\benji\naturoforumsmp\API\PermissionAPI\PermissionManager.class
de\benji\naturoforumsmp\API\InvAPI\InvAPI$1.class
de\benji\naturoforumsmp\Status\Main\AFKTicker$1.class
de\benji\naturoforumsmp\API\MathExpression\Exception\CalculatorException.class
de\benji\naturoforumsmp\Main\SMP\Commands\PortalCommand.class
de\benji\naturoforumsmp\API\ConfigAPI\ConfigAPI.class
de\benji\naturoforumsmp\API\MathExpression\Util\ParserResult.class
de\benji\naturoforumsmp\Status\Main\Status.class
de\benji\naturoforumsmp\Main\SMP\Listeners\SMPJoin.class
de\benji\naturoforumsmp\API\MathExpression\Util\Point.class
de\benji\naturoforumsmp\API\ListenerAPI\Listeners.class
de\benji\naturoforumsmp\Main\SMP\Commands\HelpCommand.class
de\benji\naturoforumsmp\Status\Commands\StatusCommand.class
de\benji\naturoforumsmp\Status\Main\AFKTicker.class
de\benji\naturoforumsmp\API\DatsBaseAPI\DatabaseTable.class
de\benji\naturoforumsmp\Listener\Join.class
de\benji\naturoforumsmp\API\MathExpression\Function\ComplexFunction.class
de\benji\naturoforumsmp\API\MathExpression\Util\Combination.class
de\benji\naturoforumsmp\API\Strings\Messages\CommandMessages.class
de\benji\naturoforumsmp\API\ListenerAPI\ListenerManager.class
de\benji\naturoforumsmp\API\PluginAPI\SubpluginManager.class
de\benji\naturoforumsmp\API\InvAPI\InventoryManager$ItemCallback.class
