C:\Users\benji\Documents\java\eclipse-workspace\NaturoForumSMP-1.19\src\main\java\de\benji\naturoforumsmp\Status\Commands\StatusCommand.java
C:\Users\benji\Documents\java\eclipse-workspace\NaturoForumSMP-1.19\src\main\java\de\benji\naturoforumsmp\Status\Main\StatusMain.java
C:\Users\benji\Documents\java\eclipse-workspace\NaturoForumSMP-1.19\src\main\java\de\benji\naturoforumsmp\API\PluginAPI\SubpluginInfo.java
C:\Users\benji\Documents\java\eclipse-workspace\NaturoForumSMP-1.19\src\main\java\de\benji\naturoforumsmp\API\MathExpression\Exception\CalculatorException.java
C:\Users\benji\Documents\java\eclipse-workspace\NaturoForumSMP-1.19\src\main\java\de\benji\naturoforumsmp\Status\Main\Status.java
C:\Users\benji\Documents\java\eclipse-workspace\NaturoForumSMP-1.19\src\main\java\de\benji\naturoforumsmp\API\Strings\Invs\ItemTitles.java
C:\Users\benji\Documents\java\eclipse-workspace\NaturoForumSMP-1.19\src\main\java\de\benji\naturoforumsmp\API\Strings\UUIDs.java
C:\Users\benji\Documents\java\eclipse-workspace\NaturoForumSMP-1.19\src\main\java\de\benji\naturoforumsmp\API\MathExpression\ParserManager.java
C:\Users\benji\Documents\java\eclipse-workspace\NaturoForumSMP-1.19\src\main\java\de\benji\naturoforumsmp\Main\SMP\TPS\TpsTicker.java
C:\Users\benji\Documents\java\eclipse-workspace\NaturoForumSMP-1.19\src\main\java\de\benji\naturoforumsmp\Status\Listener\StatusInvClick.java
C:\Users\benji\Documents\java\eclipse-workspace\NaturoForumSMP-1.19\src\main\java\de\benji\naturoforumsmp\API\MathExpression\Util\ParserResult.java
C:\Users\benji\Documents\java\eclipse-workspace\NaturoForumSMP-1.19\src\main\java\de\benji\naturoforumsmp\Status\Main\StatusManager.java
C:\Users\benji\Documents\java\eclipse-workspace\NaturoForumSMP-1.19\src\main\java\de\benji\naturoforumsmp\API\MathExpression\Util\Combination.java
C:\Users\benji\Documents\java\eclipse-workspace\NaturoForumSMP-1.19\src\main\java\de\benji\naturoforumsmp\Main\SMP\Commands\PingCommand.java
C:\Users\benji\Documents\java\eclipse-workspace\NaturoForumSMP-1.19\src\main\java\de\benji\naturoforumsmp\API\ListenerAPI\Listeners.java
C:\Users\benji\Documents\java\eclipse-workspace\NaturoForumSMP-1.19\src\main\java\de\benji\naturoforumsmp\API\MathExpression\Function\ComplexFunction.java
C:\Users\benji\Documents\java\eclipse-workspace\NaturoForumSMP-1.19\src\main\java\de\benji\naturoforumsmp\API\PermissionAPI\Permission.java
C:\Users\benji\Documents\java\eclipse-workspace\NaturoForumSMP-1.19\src\main\java\de\benji\naturoforumsmp\API\MathExpression\Function\Constants.java
C:\Users\benji\Documents\java\eclipse-workspace\NaturoForumSMP-1.19\src\main\java\de\benji\naturoforumsmp\API\PluginAPI\Subplugin.java
C:\Users\benji\Documents\java\eclipse-workspace\NaturoForumSMP-1.19\src\main\java\de\benji\naturoforumsmp\API\MathExpression\Parser.java
C:\Users\benji\Documents\java\eclipse-workspace\NaturoForumSMP-1.19\src\main\java\de\benji\naturoforumsmp\Listener\Quit.java
C:\Users\benji\Documents\java\eclipse-workspace\NaturoForumSMP-1.19\src\main\java\de\benji\naturoforumsmp\Main\Main.java
C:\Users\benji\Documents\java\eclipse-workspace\NaturoForumSMP-1.19\src\main\java\de\benji\naturoforumsmp\Status\Util\StatusInvs.java
C:\Users\benji\Documents\java\eclipse-workspace\NaturoForumSMP-1.19\src\main\java\de\benji\naturoforumsmp\API\PluginAPI\SubpluginManager.java
C:\Users\benji\Documents\java\eclipse-workspace\NaturoForumSMP-1.19\src\main\java\de\benji\naturoforumsmp\Main\SMP\Commands\PluginCommand.java
C:\Users\benji\Documents\java\eclipse-workspace\NaturoForumSMP-1.19\src\main\java\de\benji\naturoforumsmp\API\GlobalManager.java
C:\Users\benji\Documents\java\eclipse-workspace\NaturoForumSMP-1.19\src\main\java\de\benji\naturoforumsmp\API\MathExpression\Util\Factorial.java
C:\Users\benji\Documents\java\eclipse-workspace\NaturoForumSMP-1.19\src\main\java\de\benji\naturoforumsmp\API\InvAPI\InvAPI.java
C:\Users\benji\Documents\java\eclipse-workspace\NaturoForumSMP-1.19\src\main\java\de\benji\naturoforumsmp\API\DatsBaseAPI\MySQL.java
C:\Users\benji\Documents\java\eclipse-workspace\NaturoForumSMP-1.19\src\main\java\de\benji\naturoforumsmp\API\MathExpression\Function\Complex.java
C:\Users\benji\Documents\java\eclipse-workspace\NaturoForumSMP-1.19\src\main\java\de\benji\naturoforumsmp\Main\SMP\Commands\CalculatorCommand.java
C:\Users\benji\Documents\java\eclipse-workspace\NaturoForumSMP-1.19\src\main\java\de\benji\naturoforumsmp\Listener\Join.java
C:\Users\benji\Documents\java\eclipse-workspace\NaturoForumSMP-1.19\src\main\java\de\benji\naturoforumsmp\Main\SMP\Commands\PermissionCommand.java
C:\Users\benji\Documents\java\eclipse-workspace\NaturoForumSMP-1.19\src\main\java\de\benji\naturoforumsmp\Main\SMP\Commands\HelpCommand.java
C:\Users\benji\Documents\java\eclipse-workspace\NaturoForumSMP-1.19\src\main\java\de\benji\naturoforumsmp\Status\Main\StatusCache.java
C:\Users\benji\Documents\java\eclipse-workspace\NaturoForumSMP-1.19\src\main\java\de\benji\naturoforumsmp\Main\SMP\Commands\PortalCommand.java
C:\Users\benji\Documents\java\eclipse-workspace\NaturoForumSMP-1.19\src\main\java\de\benji\naturoforumsmp\Main\SMP\Listeners\SMPJoin.java
C:\Users\benji\Documents\java\eclipse-workspace\NaturoForumSMP-1.19\src\main\java\de\benji\naturoforumsmp\API\ConfigAPI\ConfigKey.java
C:\Users\benji\Documents\java\eclipse-workspace\NaturoForumSMP-1.19\src\main\java\de\benji\naturoforumsmp\API\Strings\Messages\CommandMessages.java
C:\Users\benji\Documents\java\eclipse-workspace\NaturoForumSMP-1.19\src\main\java\de\benji\naturoforumsmp\Listener\InvClick.java
C:\Users\benji\Documents\java\eclipse-workspace\NaturoForumSMP-1.19\src\main\java\de\benji\naturoforumsmp\API\Strings\Invs\InvTitles.java
C:\Users\benji\Documents\java\eclipse-workspace\NaturoForumSMP-1.19\src\main\java\de\benji\naturoforumsmp\Status\Main\AFKTicker.java
C:\Users\benji\Documents\java\eclipse-workspace\NaturoForumSMP-1.19\src\main\java\de\benji\naturoforumsmp\API\InvAPI\InventoryManager.java
C:\Users\benji\Documents\java\eclipse-workspace\NaturoForumSMP-1.19\src\main\java\de\benji\naturoforumsmp\API\InvAPI\InvEnums.java
C:\Users\benji\Documents\java\eclipse-workspace\NaturoForumSMP-1.19\src\main\java\de\benji\naturoforumsmp\API\ListenerAPI\ListenerManager.java
C:\Users\benji\Documents\java\eclipse-workspace\NaturoForumSMP-1.19\src\main\java\de\benji\naturoforumsmp\API\PermissionAPI\PermissionManager.java
C:\Users\benji\Documents\java\eclipse-workspace\NaturoForumSMP-1.19\src\main\java\de\benji\naturoforumsmp\API\MathExpression\Function\FunctionX.java
C:\Users\benji\Documents\java\eclipse-workspace\NaturoForumSMP-1.19\src\main\java\de\benji\naturoforumsmp\API\MathExpression\Function\FunctionXs.java
C:\Users\benji\Documents\java\eclipse-workspace\NaturoForumSMP-1.19\src\main\java\de\benji\naturoforumsmp\API\ConfigAPI\ConfigAPI.java
C:\Users\benji\Documents\java\eclipse-workspace\NaturoForumSMP-1.19\src\main\java\de\benji\naturoforumsmp\API\DatsBaseAPI\DatabaseTable.java
C:\Users\benji\Documents\java\eclipse-workspace\NaturoForumSMP-1.19\src\main\java\de\benji\naturoforumsmp\API\DatsBaseAPI\DatabaseAPI.java
C:\Users\benji\Documents\java\eclipse-workspace\NaturoForumSMP-1.19\src\main\java\de\benji\naturoforumsmp\API\MathExpression\Util\Point.java
